tests/style/variables/variables1.c:3: ERROR: global variables are not allowed
tests/style/variables/variables1.c:12: WARNING: Expected 1 leading tabs
total: 1 errors, 1 warnings, 19 lines checked
